]0;media-autobuild_suite (64bit)
	[311mStarting 64bit compilation of all tools(B[m
Imported default FFmpeg options from .bat
License: lgpl
Imported default mpv options from .bat
]0;media-autobuild_suite (64bit): compiling global tools
	[311mStarting 64bit compilation of global tools(B[m
]0;media-autobuild_suite (64bit): compiling audio tools
	[311mStarting 64bit compilation of audio tools(B[m
  Running git update for opus...
[1mopus git (B[m.................................................. [[32mUp-to-date(B[m]
  Running git update for opusfile...
[1mopusfile git (B[m.............................................. [[32mUp-to-date(B[m]
  Running git update for libopusenc...
[1mlibopusenc git (B[m............................................ [[32mUp-to-date(B[m]
  Running git update for opus-tools...
[1mopus-tools git (B[m............................................ [[32mUp-to-date(B[m]
[1mlame 3.100 (B[m................................................ [[32mUp-to-date(B[m]
]0;media-autobuild_suite (64bit): compiling video tools
	[311mStarting 64bit compilation of video tools(B[m
[1msdl2 2.0.8 (B[m................................................ [[32mUp-to-date(B[m]
  Running git update for AMF...
[1mAMF git (B[m................................................... [[32mUp-to-date(B[m]
  Running git update for ffnvcodec...
[1mffnvcodec git (B[m............................................. [[32mUp-to-date(B[m]
Installing openjpeg2... done
  Running git update for ffmpeg...
[1m┌ ffmpeg git (B[m........................................... [[311mUpdates found(B[m]
├ Changing options to comply to lgpl...
├ Compiling [1mshared(B[m FFmpeg...
├ Running uninstall...
├ Running configure...
├ Running make...
├ Running install...
├ Compiling [1mstatic(B[m FFmpeg...
├ Running configure...
├ Running make...
├ Running install...
├ Stripping...
[1m└ ffmpeg-git (B[m................................................. [[312mUpdated(B[m]

	[311mFinished 64bit compilation of all tools(B[m

	[311mDeleting status files...(B[m

	[32mZipping man files...(B[m

	[32mCompilation successful.(B[m
	[32mThis window will close automatically in 5 seconds.(B[m
